2026-07-02 19:11:13 [INFO] Login attempt for email: kavyamaurya1101@example.com
2026-07-02 19:11:13 [ERROR] Login error: name is not defined
2026-07-02 19:11:26 [INFO] Registration attempt for email: kavyamaurya123456@example.com
2026-07-02 19:11:27 [INFO] User registered successfully: kavyamaurya123456@example.com
2026-07-02 19:12:00 [INFO] Registration attempt for email: kavyamaurya1101@example.com
2026-07-02 19:12:01 [INFO] User registered successfully: kavyamaurya1101@example.com
2026-07-02 19:12:05 [INFO] Login attempt for email: kavyamaurya1101@example.com
2026-07-02 19:12:05 [ERROR] Login error: name is not defined
2026-07-02 19:12:10 [INFO] Login attempt for email: kavyamaurya1101@example.com
2026-07-02 19:12:10 [ERROR] Login error: name is not defined
2026-07-02 19:12:19 [INFO] Login attempt for email: kavyamaurya1101@example.com
2026-07-02 19:12:19 [ERROR] Login error: name is not defined
2026-07-02 19:15:46 [INFO] Login attempt for email: kavyamaurya1101@example.com
2026-07-02 19:15:46 [ERROR] Login error: name is not defined
2026-07-02 19:18:25 [INFO] Login attempt for email: kavyamaurya1101@example.com
2026-07-02 19:18:26 [ERROR] Login error: Missing credentials for "PLAIN"
2026-07-02 19:20:52 [INFO] Login attempt for email: kavyamaurya1101@example.com
2026-07-02 19:20:55 [INFO] Login successful for user: kavyamaurya1101@example.com
2026-07-05 14:20:54 [INFO] Login attempt for email: kavyamaurya1101@example.com
2026-07-05 14:20:55 [INFO] Login successful for user: kavyamaurya1101@example.com
2026-07-05 14:29:57 [INFO] Login attempt for email: kavyamaurya269@gmail.com
2026-07-05 14:29:57 [WARN] Login failed: user not found for email kavyamaurya269@gmail.com
2026-07-05 14:30:46 [INFO] Registration attempt for email: kavyamaurya269@gmail.com
2026-07-05 14:30:47 [INFO] User registered successfully: kavyamaurya269@gmail.com
2026-07-05 14:31:11 [INFO] Login attempt for email: kavyamaurya269@gmail.com
2026-07-05 14:31:12 [INFO] Login successful for user: kavyamaurya269@gmail.com
2026-07-05 14:46:53 [INFO] Registration attempt for email: kavyamaurya269@example.com
2026-07-05 14:46:55 [INFO] User registered successfully: kavyamaurya269@example.com
2026-07-05 14:47:11 [INFO] Login attempt for email: kavyamaurya269@example.com
2026-07-05 14:47:12 [INFO] Login successful for user: kavyamaurya269@example.com
2026-07-05 14:50:51 [INFO] Login attempt for email: kavyamaurya269@gmail.com
2026-07-05 14:50:52 [INFO] Login successful for user: kavyamaurya269@gmail.com
2026-07-05 14:52:21 [INFO] Login attempt for email: kavyamaurya269@example.com
2026-07-05 14:52:22 [INFO] Login successful for user: kavyamaurya269@example.com
2026-07-05 15:34:34 [INFO] Login attempt for email: kavyamaurya269@gmail.com
2026-07-05 15:34:35 [INFO] Login successful for user: kavyamaurya269@gmail.com
2026-07-06 23:01:01 [INFO] Registration attempt for email: admin@gmail.com
2026-07-06 23:01:02 [INFO] User registered successfully: admin@gmail.com
2026-07-06 23:01:36 [INFO] Login attempt for email: admin@gmail.com
2026-07-06 23:01:37 [INFO] Login successful for user: admin@gmail.com
2026-07-06 23:04:48 [INFO] Login attempt for email: admin@gmail.com
2026-07-06 23:04:48 [INFO] Login successful for user: admin@gmail.com
2026-07-07 19:21:03 [INFO] Login attempt for email: admin@gmail.com
2026-07-07 19:21:03 [INFO] Login successful for user: admin@gmail.com
2026-07-07 19:22:02 [INFO] Login attempt for email: admin@gmail.com
2026-07-07 19:22:02 [INFO] Login successful for user: admin@gmail.com
2026-07-23 12:40:21 [INFO] Login attempt for email: kavyamaurya264@example.com
2026-07-23 12:40:22 [INFO] Login successful for user: kavyamaurya264@example.com
2026-07-23 12:40:36 [INFO] Login attempt for email: kavyamaurya264@example.com
2026-07-23 12:40:37 [INFO] Login successful for user: kavyamaurya264@example.com
2026-07-23 12:53:00 [INFO] Login attempt for email: kavyamaurya264@example.com
2026-07-23 12:53:00 [INFO] Login successful for user: kavyamaurya264@example.com
2026-07-30 12:40:31 [INFO] Login attempt for email: kavyamaurya264@example.com
2026-07-30 12:40:32 [INFO] Login successful for user: kavyamaurya264@example.com
2026-07-30 12:43:22 [INFO] Login attempt for email: kavyamaurya264@example.com
2026-07-30 12:43:23 [INFO] Login successful for user: kavyamaurya264@example.com
2026-07-30 12:50:29 [INFO] Login attempt for email: kavyamaurya264@example.com
2026-07-30 12:50:29 [INFO] Login successful for user: kavyamaurya264@example.com
2026-08-01 21:58:31 [INFO] Login attempt for email: kavyamaurya264@example.com
2026-08-01 21:58:31 [INFO] Login successful for user: kavyamaurya264@example.com
2026-08-01 22:02:25 [INFO] Login attempt for email: kavyamaurya264@example.com
2026-08-01 22:02:26 [INFO] Login successful for user: kavyamaurya264@example.com
